<!DOCTYPE HTML PUBLIC "-//W3C//DTD HTML 4.01 Transitional//EN">
<html>
<!-- $Id: HTMLWorkspaceCreator.pm,v 1.4 2006/02/16 19:56:16 elliott_c Exp $ -->
<!-- MPC Command: -->
<!-- /tao_builds/chad/ocitao/ACE_wrappers/build/linux/bin/mwc.pl-include config -type html -features qt=1 -->
<head>
<title>qt</title>
  <style type="text/css">
    a {font: 12pt bold verdana, lucida; color: white; padding: 3px;}
    td {font: 12pt bold verdana, lucida; color: white; padding: 3px; background-color: cadetblue;}
    thead tr td {font: 18pt "trebuchet ms", helvetica; color: white; padding: 3px; background-color: teal;}
  </style>
</head>
<body>
<table style="table-layout:fixed" width="400" summary="MPC Projects">
<col style="background-color: darkcyan;">
<thead>
<tr><td>Projects In Build Order</td></tr>
</thead>
<tbody>
<tr><td><a href='qt_uic_moc.html'>qt_uic_moc</a></td></tr>
</tbody></table></body></html>
