<!DOCTYPE HTML PUBLIC "-//W3C//DTD HTML 4.01 Transitional//EN">
<html>
<!-- $Id$ -->
<!-- MPC Command: -->
<!-- /tao_builds/chad/ocitao/ACE_wrappers/build/linux/bin/mwc.pl -include config -type html aggregated.mwc -->
<head>
<title>aggregated</title>
  <style type="text/css">
    a {font: 12pt bold verdana, lucida; color: white; padding: 3px;}
    td {font: 12pt bold verdana, lucida; color: white; padding: 3px; background-color: cadetblue;}
    thead tr td {font: 18pt "trebuchet ms", helvetica; color: white; padding: 3px; background-color: teal;}
  </style>
</head>
<body>
<table style="table-layout:fixed" width="400" summary="MPC Projects">
<col style="background-color: darkcyan;">
<thead>
<tr><td>Projects In Build Order</td></tr>
</thead>
<tbody>
<tr><td><a href='dir1/dir2/foo.html'>foo</a></td></tr>
<tr><td><a href='dir1/dir4/dir4.html'>dir4</a></td></tr>
<tr><td><a href='dir1/dir5/dir5.html'>dir5</a></td></tr>
<tr><td><a href='dir2/another.html'>another</a></td></tr>
</tbody></table></body></html>
