<html>
<!-- $Id: HTMLWorkspaceCreator.pm,v 1.2 2004/03/15 16:04:13 elliott_c Exp $ -->
<!-- MPC Command: -->
<!-- /tao_builds/chad/ocitao/ACE_wrappers/build/linux/bin/mwc.pl-include /home/elliottc/current/MPC/config -include /home/elliottc/current/MPC/templates -include config -type html conditional_specific_verbatim_wildcards.mwc -->
<head>
  <style>
    a {font: 12pt bold verdana, lucida; color: white; padding: 3px;}
    td {font: 12pt bold verdana, lucida; color: white; padding: 3px; background-color: cadetblue;}
    thead tr td {font: 18pt "trebuchet ms", helvetica; color: white; padding: 3px; background-color: teal;}
  </style>
</head>
<body>
<table style="table-layout:fixed" width="400">
<col style="background-color: darkcyan;">
<thead>
<tr><td>Projects</td></tr>
</thead>
<tbody>
<tr><td><a href='source/csvw_A.html'>csvw_A</a></td></tr>
<tr><td><a href='source/csvw_B.html'>csvw_B</a></td></tr>
<tr><td><a href='source/csvw_C.html'>csvw_C</a></td></tr>
<tr><td><a href='source/csvw_D.html'>csvw_D</a></td></tr>
<tr><td><a href='source/csvw_E.html'>csvw_E</a></td></tr>
</tbody></table></body></html>
