<!DOCTYPE HTML PUBLIC "-//W3C//DTD HTML 4.01 Transitional//EN">
<html>
<!-- $Id: HTMLWorkspaceCreator.pm,v 1.2 2004/03/15 16:04:13 elliott_c Exp $ -->
<!-- MPC Command: -->
<!-- /tao_builds/chad/ocitao/ACE_wrappers/build/linux/bin/mwc.pl-include /home/elliottc/current/MPC/config -include /home/elliottc/current/MPC/templates -include config -type html features_custom_only.mwc -->
<head>
<title>features_custom_only</title>
  <style type="text/css">
    a {font: 12pt bold verdana, lucida; color: white; padding: 3px;}
    td {font: 12pt bold verdana, lucida; color: white; padding: 3px; background-color: cadetblue;}
    thead tr td {font: 18pt "trebuchet ms", helvetica; color: white; padding: 3px; background-color: teal;}
  </style>
</head>
<body>
<table style="table-layout:fixed" width="400" summary="MPC Projects">
<col style="background-color: darkcyan;">
<thead>
<tr><td>Projects</td></tr>
</thead>
<tbody>
<tr><td><a href='source/fco.html'>fco</a></td></tr>
<tr><td><a href='source/fco_use.html'>fco_use</a></td></tr>
</tbody></table></body></html>
