<!DOCTYPE HTML PUBLIC "-//W3C//DTD HTML 4.01 Transitional//EN">
<html>
<!-- $Id$ -->
<!-- MPC Command: -->
<!-- /tao_builds/chad/ocitao/ACE_wrappers/build/linux/bin/mwc.pl -include config -type html -->
<head>
<title>more_circular_dependencies</title>
  <style type="text/css">
    a {font: 12pt bold verdana, lucida; color: white; padding: 3px;}
    td {font: 12pt bold verdana, lucida; color: white; padding: 3px; background-color: cadetblue;}
    thead tr td {font: 18pt "trebuchet ms", helvetica; color: white; padding: 3px; background-color: teal;}
  </style>
</head>
<body>
<table style="table-layout:fixed" width="400" summary="MPC Projects">
<col style="background-color: darkcyan;">
<thead>
<tr><td>Projects In Build Order</td></tr>
</thead>
<tbody>
<tr><td><a href='Code.html'>Code</a></td></tr>
<tr><td><a href='Set.html'>Set</a></td></tr>
<tr><td><a href='ROOT.html'>ROOT</a></td></tr>
<tr><td><a href='Factory.html'>Factory</a></td></tr>
</tbody></table></body></html>
