<!DOCTYPE HTML PUBLIC "-//W3C//DTD HTML 4.01 Transitional//EN">
<html>
<!-- $Id: HTMLWorkspaceCreator.pm,v 1.4 2006/02/16 19:56:16 elliott_c Exp $ -->
<!-- MPC Command: -->
<!-- /tao_builds/chad/ocitao/ACE_wrappers/build/linux/bin/mwc.pl-include config -type html -base different -features FaKe=0 -genins -hierarchy -make_coexistence -name_modifier *_Zargaflan -apply_project -relative TEST_ROOT=/home/elliottc/current/MPC/test/tests/options -static -value_project postbuild+=echo Hello There -value_template targetoutdir=zeep/ -->
<head>
<title>options</title>
  <style type="text/css">
    a {font: 12pt bold verdana, lucida; color: white; padding: 3px;}
    td {font: 12pt bold verdana, lucida; color: white; padding: 3px; background-color: cadetblue;}
    thead tr td {font: 18pt "trebuchet ms", helvetica; color: white; padding: 3px; background-color: teal;}
  </style>
</head>
<body>
<table style="table-layout:fixed" width="400" summary="MPC Projects">
<col style="background-color: darkcyan;">
<thead>
<tr><td>Projects In Build Order</td></tr>
</thead>
<tbody>
<tr><td><a href='source/basic_Zargaflan.html'>basic_Zargaflan</a></td></tr>
</tbody></table></body></html>
