<!DOCTYPE HTML PUBLIC "-//W3C//DTD HTML 4.01 Transitional//EN">
<html>
<!-- $Id$ -->
<!-- MPC Command: -->
<!-- e:\progra~1\tao-1_5_6\ACE/bin/mwc.pl -include config -type html -global custom_global.mpb -genins -gendot -for_eclipse -into here/.. -value_template "configurations+='MFC Release' 'MFC Debug'" -static -feature_file features -features crap wider_coverage.mwc -->
<head>
<title>wider_coverage</title>
  <style type="text/css">
    a {font: 12pt bold verdana, lucida; color: white; padding: 3px;}
    td {font: 12pt bold verdana, lucida; color: white; padding: 3px; background-color: cadetblue;}
    thead tr td {font: 18pt "trebuchet ms", helvetica; color: white; padding: 3px; background-color: teal;}
  </style>
</head>
<body>
<table style="table-layout:fixed" width="400" summary="MPC Projects">
<col style="background-color: darkcyan;">
<thead>
<tr><td>Projects In Build Order</td></tr>
</thead>
<tbody>
<tr><td><a href='Some_Test_Other_Lib.html'>Some_Test_Other_Lib</a></td></tr>
<tr><td><a href='Some_Test_Simple_Lib.html'>Some_Test_Simple_Lib</a></td></tr>
<tr><td><a href='simple.html'>simple</a></td></tr>
</tbody></table></body></html>
