<!DOCTYPE HTML PUBLIC "-//W3C//DTD HTML 4.01 Transitional//EN">
<html>
<!-- $Id: HTMLWorkspaceCreator.pm,v 1.4 2006/02/16 19:56:16 elliott_c Exp $ -->
<!-- MPC Command: -->
<!-- /tao_builds/chad/1.4a_base/p9/ACE_wrappers/bin/mwc.pl-include config -type html -->
<head>
<title>windows_style</title>
  <style type="text/css">
    a {font: 12pt bold verdana, lucida; color: white; padding: 3px;}
    td {font: 12pt bold verdana, lucida; color: white; padding: 3px; background-color: cadetblue;}
    thead tr td {font: 18pt "trebuchet ms", helvetica; color: white; padding: 3px; background-color: teal;}
  </style>
</head>
<body>
<table style="table-layout:fixed" width="400" summary="MPC Projects">
<col style="background-color: darkcyan;">
<thead>
<tr><td>Projects In Build Order</td></tr>
</thead>
<tbody>
<tr><td><a href='support_lib.html'>support_lib</a></td></tr>
<tr><td><a href='sub/sub.html'>sub</a></td></tr>
</tbody></table></body></html>
