<!DOCTYPE HTML PUBLIC "-//W3C//DTD HTML 4.01 Transitional//EN">
<html>
<!-- $Id: HTMLWorkspaceCreator.pm,v 1.4 2006/02/16 19:56:16 elliott_c Exp $ -->
<!-- MPC Command: -->
<!-- /tao_builds/chad/ocitao/ACE_wrappers/build/linux/bin/mwc.pl-include config -type html conditional_specific_verbatim_wildcards.mwc -->
<head>
<title>conditional_specific_verbatim_wildcards</title>
  <style type="text/css">
    a {font: 12pt bold verdana, lucida; color: white; padding: 3px;}
    td {font: 12pt bold verdana, lucida; color: white; padding: 3px; background-color: cadetblue;}
    thead tr td {font: 18pt "trebuchet ms", helvetica; color: white; padding: 3px; background-color: teal;}
  </style>
</head>
<body>
<table style="table-layout:fixed" width="400" summary="MPC Projects">
<col style="background-color: darkcyan;">
<thead>
<tr><td>Projects In Build Order</td></tr>
</thead>
<tbody>
<tr><td><a href='source/csvw_A.html'>csvw_A</a></td></tr>
<tr><td><a href='source/csvw_B.html'>csvw_B</a></td></tr>
<tr><td><a href='source/csvw_C.html'>csvw_C</a></td></tr>
<tr><td><a href='source/csvw_D.html'>csvw_D</a></td></tr>
<tr><td><a href='source/csvw_E.html'>csvw_E</a></td></tr>
</tbody></table></body></html>
