#----------------------------------------------------------------------------
#       Eclipse CDT 6 generator
#
# This file was generated by MPC.  Any changes made directly to
# this file will be lost the next time it is generated.
# Listed below are the Eclipse projects created for this MPC workspace.
# These should be imported into an existing Eclipse workspace.
# Each project is listed on a line consisting of the project name and the full
# path to its .project file (space-separated).
# The projects are listed in dependency order.
#
# MPC Command:
# /tao_builds/mitza/MPC/mwc.pl -include config -type cdt6 implicit_resources.mwc
#----------------------------------------------------------------------------
dir1 /tao_builds/mitza/MPC_TEST/tests/implicit_resources/dir1/cdt_dir1/.project
dir3 /tao_builds/mitza/MPC_TEST/tests/implicit_resources/dir3/cdt_dir3/.project
