<html>
<!-- $Id$ -->
<!-- MPC Command: -->
<!-- /tao_builds/taoadmin/1.4a/ACE_wrappers/build/gcc3.4.2_d1o0/bin/mwc.pl-include /home/elliottc/current/MPC/config -include /home/elliottc/current/MPC/templates -include config -type html implicit_projects.mwc -->
<head>
  <style>
    a {font: 12pt bold verdana, lucida; color: white; padding: 3px;}
    td {font: 12pt bold verdana, lucida; color: white; padding: 3px; background-color: cadetblue;}
    thead tr td {font: 18pt "trebuchet ms", helvetica; color: white; padding: 3px; background-color: teal;}
  </style>
</head>
<body>
<table style="table-layout:fixed" width="400">
<col style="background-color: darkcyan;">
<thead>
<tr><td>Projects</td></tr>
</thead>
<tbody>
<tr><td><a href='source/one/one.html'>one</a></td></tr>
<tr><td><a href='source/two/two.html'>two</a></td></tr>
</tbody></table></body></html>
