<!DOCTYPE HTML PUBLIC "-//W3C//DTD HTML 4.01 Transitional//EN">
<html>
<!-- $Id: HTMLWorkspaceCreator.pm,v 1.3 2005/12/21 12:28:51 elliott_c Exp $ -->
<!-- MPC Command: -->
<!-- /tao_builds/chad/ocitao/ACE_wrappers/build/linux/bin/mwc.pl-include /home/elliottc/MPC/config -include /home/elliottc/MPC/templates -include config -type html -->
<head>
<title>circular_dependencies</title>
  <style type="text/css">
    a {font: 12pt bold verdana, lucida; color: white; padding: 3px;}
    td {font: 12pt bold verdana, lucida; color: white; padding: 3px; background-color: cadetblue;}
    thead tr td {font: 18pt "trebuchet ms", helvetica; color: white; padding: 3px; background-color: teal;}
  </style>
</head>
<body>
<table style="table-layout:fixed" width="400" summary="MPC Projects">
<col style="background-color: darkcyan;">
<thead>
<tr><td>Projects</td></tr>
</thead>
<tbody>
<tr><td><a href='DomainApplicationManager/DomainApplicationManager.html'>DomainApplicationManager</a></td></tr>
<tr><td><a href='NodeApplication/NodeApplication.html'>NodeApplication</a></td></tr>
<tr><td><a href='NodeApplication/RTNA_Configurator.html'>RTNA_Configurator</a></td></tr>
<tr><td><a href='NodeApplicationManager/NodeApplicationManager.html'>NodeApplicationManager</a></td></tr>
<tr><td><a href='NodeManager/lib.html'>lib</a></td></tr>
<tr><td><a href='NodeManager/Monitor_Monitorlib.html'>Monitor_Monitorlib</a></td></tr>
<tr><td><a href='NodeManager/NodeManager.html'>NodeManager</a></td></tr>
<tr><td><a href='NodeManager/NodeManager_stub.html'>NodeManager_stub</a></td></tr>
<tr><td><a href='TargetManager/CIAO_TargetManager_exec.html'>CIAO_TargetManager_exec</a></td></tr>
<tr><td><a href='TargetManager/CIAO_TargetManager_stub.html'>CIAO_TargetManager_stub</a></td></tr>
<tr><td><a href='TargetManager/CIAO_TargetManager_svnt.html'>CIAO_TargetManager_svnt</a></td></tr>
<tr><td><a href='TargetManager/TMClient.html'>TMClient</a></td></tr>
</tbody></table></body></html>
