<!DOCTYPE HTML PUBLIC "-//W3C//DTD HTML 4.01 Transitional//EN">
<html>
<!-- $Id$ -->
<!-- MPC Command: -->
<!-- /tao_builds/mitza/MPC/mwc.pl -include config -type html implicit_resources.mwc -->
<head>
<title>implicit_resources</title>
  <style type="text/css">
    a {font: 12pt bold verdana, lucida; color: white; padding: 3px;}
    td {font: 12pt bold verdana, lucida; color: white; padding: 3px; background-color: cadetblue;}
    thead tr td {font: 18pt "trebuchet ms", helvetica; color: white; padding: 3px; background-color: teal;}
  </style>
</head>
<body>
<table style="table-layout:fixed" width="400" summary="MPC Projects">
<col style="background-color: darkcyan;">
<thead>
<tr><td>Projects In Build Order</td></tr>
</thead>
<tbody>
<tr><td><a href='dir1/dir1.html'>dir1</a></td></tr>
<tr><td><a href='dir3/dir3.html'>dir3</a></td></tr>
</tbody></table></body></html>
